// Jest Snapshot v1, https://goo.gl/fbAQLP

exports[`Home renders the page 1`] = `
<div
  class="css-view-1dbjc4n r-WebkitOverflowScrolling-150rngu r-flexDirection-eqz5dr r-flexGrow-16y2uox r-flexShrink-1wbh5a2 r-overflowX-11yh6sk r-overflowY-1rnoaur r-transform-1sncvnh"
  data-testid="home-page"
>
  <div
    class="css-view-1dbjc4n"
  >
    <mock-featured-channels
      heading="Featured Channels"
    />
    <mock-top-categories
      heading="Top Categories"
    />
    <mock-top-channels
      heading="Top Live Channels"
    />
    <mock-top-channels
      heading="Top PS4 Channels"
      platformtype="ps4"
    />
    <mock-top-channels
      heading="Top Xbox One Channels"
      platformtype="xbox"
    />
  </div>
</div>
`;
