// Jest Snapshot v1, https://goo.gl/fbAQLP

exports[`TopCategories when queries fail renders an error 1`] = `
<div
  class="css-view-1dbjc4n r-alignItems-1awozwy r-flex-13awgt0 r-justifyContent-1777fci"
  data-testid="retry-button"
  style="background-color: rgb(218, 216, 222); padding: 20px 20px 20px 20px;"
>
  <div
    class="css-cursor-18t94o4 css-view-1dbjc4n r-borderRadius-1jkafct r-cursor-1loqt21 r-touchAction-1otgn73 r-transitionDuration-eafdt9 r-transitionProperty-1i6wzkk r-userSelect-lrvibr"
    data-focusable="true"
    role="button"
    style="background-color: rgb(100, 65, 164);"
    tabindex="0"
  >
    <div
      class="css-text-76zvg2 r-color-jwli3a r-fontWeight-majxgm r-padding-edyy15 r-textAlign-q4m81j r-textTransform-tsynxw"
      dir="auto"
    >
      Oops! Something went wrong. Try again?
    </div>
  </div>
</div>
`;

exports[`TopCategories when queries succeed renders the list of top categories 1`] = `
<main
  class="css-view-1dbjc4n r-flex-13awgt0"
  data-testid="main"
  role="main"
  style="background-color: rgb(250, 249, 250);"
>
  <mock-category-list
    list="[object Object],[object Object],[object Object],[object Object],[object Object],[object Object],[object Object],[object Object],[object Object],[object Object]"
    testid="top-categories"
  />
</main>
`;
