// Jest Snapshot v1, https://goo.gl/fbAQLP

exports[`ChannelItemImage renders a channel item image 1`] = `
<div
  aria-label="We Gaming <3 "
  class="css-view-1dbjc4n r-bottom-1p0dtai r-flexBasis-1mlwlqe r-left-1d2f490 r-overflow-1udh08x r-position-u8s1d r-right-zchlnj r-top-ipm5af r-zIndex-1wyyakw"
  data-testid="channel-item-image"
  style="height: 225px; width: 400px;"
>
  <div
    class="css-view-1dbjc4n r-backgroundColor-1niwhzg r-backgroundPosition-vvn4in r-backgroundRepeat-u6sd8q r-backgroundSize-4gszlv r-bottom-1p0dtai r-height-1pi2tsx r-left-1d2f490 r-position-u8s1d r-right-zchlnj r-top-ipm5af r-width-13qz1uu r-zIndex-1wyyakw"
    style="background-image: url(channels/live_user_ninja-800x450.jpg);"
  />
  <img
    alt="We Gaming <3 "
    class="css-accessibilityImage-9pa8cd"
    draggable="false"
    src="channels/live_user_ninja-800x450.jpg"
  />
</div>
`;
