// Jest Snapshot v1, https://goo.gl/fbAQLP

exports[`ChannelItem when hovering renders a channel 1`] = `
<div
  class="rn-alignItems-1oszu61 rn-borderTopStyle-1efd50x rn-borderRightStyle-14skgim rn-borderBottomStyle-rull8r rn-borderLeftStyle-mm0ijv rn-borderTopWidth-13yce4e rn-borderRightWidth-fnigne rn-borderBottomWidth-ndvcnb rn-borderLeftWidth-gxnn5r rn-boxSizing-deolkf rn-cursor-1loqt21 rn-display-1adg3ll rn-flexDirection-eqz5dr rn-marginTop-1mnahxq rn-marginRight-61z16t rn-marginBottom-p1pxzi rn-marginLeft-11wrixw rn-minHeight-ifefl9 rn-minWidth-bcqeeo rn-outline-1exrs8c rn-paddingTop-wk8lta rn-paddingRight-9aemit rn-paddingBottom-1mdbw0j rn-paddingLeft-gy4na3 rn-position-bnwqim rn-touchAction-1otgn73 rn-transitionDuration-eafdt9 rn-transitionProperty-1i6wzkk rn-userSelect-lrvibr rn-zIndex-1lgpqti"
  data-focusable="true"
  data-testid="channel-item"
  style="background-color: rgb(50, 47, 55);"
  tabindex="0"
>
  <mock-channel-item-image
    height="225"
    testid="channel-item-image"
    title="Aimbot-Up Cup Duos w/ Chokzy"
    url="channels/live_user_tfue-800x450.jpg"
    viewerscount="56834"
    width="400"
  />
  <mock-channel-item-detail
    broadcasterimageurl="profiles/2470b5c6-a737-4ba6-8987-c28e0ca839e1-profile_image-150x150.jpg"
    broadcastername="Tfue"
    categoryname="Fortnite"
    ishighlighted="true"
    testid="channel-item-detail"
    title="Aimbot-Up Cup Duos w/ Chokzy"
    width="400"
  />
</div>
`;

exports[`ChannelItem when not hovering renders a channel 1`] = `
<div
  class="rn-alignItems-1oszu61 rn-borderTopStyle-1efd50x rn-borderRightStyle-14skgim rn-borderBottomStyle-rull8r rn-borderLeftStyle-mm0ijv rn-borderTopWidth-13yce4e rn-borderRightWidth-fnigne rn-borderBottomWidth-ndvcnb rn-borderLeftWidth-gxnn5r rn-boxSizing-deolkf rn-cursor-1loqt21 rn-display-1adg3ll rn-flexDirection-eqz5dr rn-marginTop-1mnahxq rn-marginRight-61z16t rn-marginBottom-p1pxzi rn-marginLeft-11wrixw rn-minHeight-ifefl9 rn-minWidth-bcqeeo rn-outline-1exrs8c rn-paddingTop-wk8lta rn-paddingRight-9aemit rn-paddingBottom-1mdbw0j rn-paddingLeft-gy4na3 rn-position-bnwqim rn-touchAction-1otgn73 rn-transitionDuration-eafdt9 rn-transitionProperty-1i6wzkk rn-userSelect-lrvibr rn-zIndex-1lgpqti"
  data-focusable="true"
  data-testid="channel-item"
  style="background-color: rgba(0, 0, 0, 0);"
  tabindex="0"
>
  <mock-channel-item-image
    height="225"
    testid="channel-item-image"
    title="Aimbot-Up Cup Duos w/ Chokzy"
    url="channels/live_user_tfue-800x450.jpg"
    viewerscount="56834"
    width="400"
  />
  <mock-channel-item-detail
    broadcasterimageurl="profiles/2470b5c6-a737-4ba6-8987-c28e0ca839e1-profile_image-150x150.jpg"
    broadcastername="Tfue"
    categoryname="Fortnite"
    ishighlighted="false"
    testid="channel-item-detail"
    title="Aimbot-Up Cup Duos w/ Chokzy"
    width="400"
  />
</div>
`;

exports[`ChannelItem when the category is null renders a channel without category name 1`] = `
<div
  class="rn-alignItems-1oszu61 rn-borderTopStyle-1efd50x rn-borderRightStyle-14skgim rn-borderBottomStyle-rull8r rn-borderLeftStyle-mm0ijv rn-borderTopWidth-13yce4e rn-borderRightWidth-fnigne rn-borderBottomWidth-ndvcnb rn-borderLeftWidth-gxnn5r rn-boxSizing-deolkf rn-cursor-1loqt21 rn-display-1adg3ll rn-flexDirection-eqz5dr rn-marginTop-1mnahxq rn-marginRight-61z16t rn-marginBottom-p1pxzi rn-marginLeft-11wrixw rn-minHeight-ifefl9 rn-minWidth-bcqeeo rn-outline-1exrs8c rn-paddingTop-wk8lta rn-paddingRight-9aemit rn-paddingBottom-1mdbw0j rn-paddingLeft-gy4na3 rn-position-bnwqim rn-touchAction-1otgn73 rn-transitionDuration-eafdt9 rn-transitionProperty-1i6wzkk rn-userSelect-lrvibr rn-zIndex-1lgpqti"
  data-focusable="true"
  data-testid="channel-item"
  style="background-color: rgb(50, 47, 55);"
  tabindex="0"
>
  <mock-channel-item-image
    height="225"
    testid="channel-item-image"
    title="Aimbot-Up Cup Duos w/ Chokzy"
    url="channels/live_user_tfue-800x450.jpg"
    viewerscount="56834"
    width="400"
  />
  <mock-channel-item-detail
    broadcasterimageurl="profiles/2470b5c6-a737-4ba6-8987-c28e0ca839e1-profile_image-150x150.jpg"
    broadcastername="Tfue"
    ishighlighted="true"
    testid="channel-item-detail"
    title="Aimbot-Up Cup Duos w/ Chokzy"
    width="400"
  />
</div>
`;
