// Jest Snapshot v1, https://goo.gl/fbAQLP

exports[`useOverrides with overrides renders with the overriden component 1`] = `
<DocumentFragment>
  <div
    class="css-text-76zvg2"
    dir="auto"
  >
    https://www.twitch.tv/
  </div>
</DocumentFragment>
`;

exports[`useOverrides without overrides renders with the default component 1`] = `<DocumentFragment />`;
