// Jest Snapshot v1, https://goo.gl/fbAQLP

exports[`television matches 1`] = `
Object {
  "colors": Object {
    "bodyBackground": "#0f0e11",
    "bodySubtext": "#dad8de",
    "bodyText": "#faf9fa",
    "border": "#dad8de",
    "heading": "#dad8de",
    "itemBackground": "#322f37",
    "itemBackgroundHover": "#dad8de",
    "itemPrimary": "#faf9fa",
    "itemPrimaryHover": "#19171c",
    "itemSecondary": "#dad8de",
    "itemSecondaryHover": "#322f37",
    "itemShadowHover": "rgba(255, 255, 255, 0.2)",
    "link": "#6441a4",
    "linkHover": "#4b367c",
    "liveIndicator": "#faf9fa",
    "liveIndicatorBackground": "rgba(0, 0, 0, 0.6)",
    "liveIndicatorDot": "#ec1313",
    "navBackground": "#4b367c",
    "navBackgroundHover": "#6441a4",
    "spinner": "#6441a4",
    "switchActiveThumb": "#6441a4",
    "switchActiveTrack": "#322f37",
    "switchThumb": "#19171c",
    "switchTrack": "#322f37",
  },
  "layout": Object {
    "borderLarge": 12,
    "borderMedium": 6,
    "borderRadiusLarge": 24,
    "borderRadiusMedium": 12,
    "borderRadiusSmall": 4,
    "borderSmall": 2,
    "gapExtraLarge": 60,
    "gapLarge": 40,
    "gapMedium": 20,
    "gapSmall": 10,
    "maxCategoryHeight": 500,
    "maxCategoryWidth": 376,
    "maxChannelHeight": 450,
    "maxChannelWidth": 800,
    "navSize": 64,
    "spinnerSize": 72,
  },
  "typography": Object {
    "family": "SamsungOne, sans-serif",
    "lineHeight": 1.5,
    "sizeBase": 32,
    "sizePrimary": 64,
    "sizeSecondary": 32,
    "sizeTertiary": 26,
  },
}
`;
