// Jest Snapshot v1, https://goo.gl/fbAQLP

exports[`CategoryList after layout renders its elements 1`] = `
<div
  class="css-view-1dbjc4n"
  data-testid="category-list"
>
  <div
    class="css-view-1dbjc4n r-WebkitOverflowScrolling-150rngu r-flexDirection-18u37iz r-flexGrow-16y2uox r-flexShrink-1wbh5a2 r-overflowX-lltvgl r-overflowY-buy8e9 r-transform-1sncvnh"
  >
    <div
      class="css-view-1dbjc4n r-flexDirection-18u37iz"
    >
      <div
        class="css-view-1dbjc4n r-flexDirection-18u37iz"
      >
        <div
          class="css-view-1dbjc4n r-display-1adg3ll"
          style="margin-bottom: 10px; margin-left: 20px; margin-right: 5px;"
        >
          <mock-category-item
            height="186"
            item="[object Object]"
            width="140"
          />
        </div>
      </div>
      <div
        class="css-view-1dbjc4n r-flexDirection-18u37iz"
      >
        <div
          class="css-view-1dbjc4n r-display-1adg3ll"
          style="margin-bottom: 10px; margin-left: 5px; margin-right: 5px;"
        >
          <mock-category-item
            height="186"
            item="[object Object]"
            width="140"
          />
        </div>
      </div>
      <div
        class="css-view-1dbjc4n r-flexDirection-18u37iz"
      >
        <div
          class="css-view-1dbjc4n r-display-1adg3ll"
          style="margin-bottom: 10px; margin-left: 5px; margin-right: 5px;"
        >
          <mock-category-item
            height="186"
            item="[object Object]"
            width="140"
          />
        </div>
      </div>
      <div
        class="css-view-1dbjc4n r-flexDirection-18u37iz"
      >
        <div
          class="css-view-1dbjc4n r-display-1adg3ll"
          style="margin-bottom: 10px; margin-left: 5px; margin-right: 5px;"
        >
          <mock-category-item
            height="186"
            item="[object Object]"
            width="140"
          />
        </div>
      </div>
      <div
        class="css-view-1dbjc4n"
        style="width: 1035px;"
      />
    </div>
  </div>
</div>
`;
