// Jest Snapshot v1, https://goo.gl/fbAQLP

exports[`CategoryItem when hovering renders a category 1`] = `
<div
  class="rn-alignItems-1oszu61 rn-borderTopStyle-1efd50x rn-borderRightStyle-14skgim rn-borderBottomStyle-rull8r rn-borderLeftStyle-mm0ijv rn-borderTopWidth-13yce4e rn-borderRightWidth-fnigne rn-borderBottomWidth-ndvcnb rn-borderLeftWidth-gxnn5r rn-boxSizing-deolkf rn-cursor-1loqt21 rn-display-1adg3ll rn-flexDirection-eqz5dr rn-marginTop-1mnahxq rn-marginRight-61z16t rn-marginBottom-p1pxzi rn-marginLeft-11wrixw rn-minHeight-ifefl9 rn-minWidth-bcqeeo rn-outline-1exrs8c rn-paddingTop-wk8lta rn-paddingRight-9aemit rn-paddingBottom-1mdbw0j rn-paddingLeft-gy4na3 rn-position-bnwqim rn-touchAction-1otgn73 rn-transitionDuration-eafdt9 rn-transitionProperty-1i6wzkk rn-userSelect-lrvibr rn-zIndex-1lgpqti"
  data-focusable="true"
  data-testid="category-item"
  style="background-color: rgb(50, 47, 55);"
  tabindex="0"
>
  <mock-category-item-image
    height="250"
    name="Fortnite"
    testid="category-item-image"
    url="categories/Fortnite-376x500.jpg"
    width="188"
  />
  <mock-category-item-detail
    ishighlighted="true"
    name="Fortnite"
    testid="category-item-detail"
    viewerscount="241208"
    width="188"
  />
</div>
`;

exports[`CategoryItem when not hovering renders a category 1`] = `
<div
  class="rn-alignItems-1oszu61 rn-borderTopStyle-1efd50x rn-borderRightStyle-14skgim rn-borderBottomStyle-rull8r rn-borderLeftStyle-mm0ijv rn-borderTopWidth-13yce4e rn-borderRightWidth-fnigne rn-borderBottomWidth-ndvcnb rn-borderLeftWidth-gxnn5r rn-boxSizing-deolkf rn-cursor-1loqt21 rn-display-1adg3ll rn-flexDirection-eqz5dr rn-marginTop-1mnahxq rn-marginRight-61z16t rn-marginBottom-p1pxzi rn-marginLeft-11wrixw rn-minHeight-ifefl9 rn-minWidth-bcqeeo rn-outline-1exrs8c rn-paddingTop-wk8lta rn-paddingRight-9aemit rn-paddingBottom-1mdbw0j rn-paddingLeft-gy4na3 rn-position-bnwqim rn-touchAction-1otgn73 rn-transitionDuration-eafdt9 rn-transitionProperty-1i6wzkk rn-userSelect-lrvibr rn-zIndex-1lgpqti"
  data-focusable="true"
  data-testid="category-item"
  style="background-color: rgba(0, 0, 0, 0);"
  tabindex="0"
>
  <mock-category-item-image
    height="250"
    name="Fortnite"
    testid="category-item-image"
    url="categories/Fortnite-376x500.jpg"
    width="188"
  />
  <mock-category-item-detail
    ishighlighted="false"
    name="Fortnite"
    testid="category-item-detail"
    viewerscount="241208"
    width="188"
  />
</div>
`;
