// Jest Snapshot v1, https://goo.gl/fbAQLP

exports[`ExternalTouchableLink renders a link 1`] = `
<div
  class="css-view-1dbjc4n r-cursor-1loqt21 r-touchAction-1otgn73 r-transitionDuration-eafdt9 r-transitionProperty-1i6wzkk r-userSelect-lrvibr"
  data-focusable="true"
  data-testid="external-touchable-link"
  tabindex="0"
>
  <div
    class="css-text-76zvg2"
    dir="auto"
    style="font-family: system-ui,-apple-system,BlinkMacSystemFont,'Segoe UI',Roboto,Ubuntu,'Helvetica Neue',sans-serif; line-height: 1.5;"
  >
    Some Link
  </div>
</div>
`;
