// Jest Snapshot v1, https://goo.gl/fbAQLP

exports[`Picker renders a picker with the specified values 1`] = `
<select
  class="r-fontFamily-1qd0xha r-fontSize-7cikom r-margin-crgep1 r-width-13qz1uu"
  data-focusable="true"
  data-testid="picker"
  style="background-color: rgb(250, 249, 250); color: rgb(25, 23, 28);"
>
  <option
    value="foo"
  >
    Foo
  </option>
  <option
    value="bar"
  >
    Bar
  </option>
</select>
`;
