// Jest Snapshot v1, https://goo.gl/fbAQLP

exports[`Picker renders a picker with the specified values 1`] = `
<select
  class="rn-fontFamily-14xgk7a rn-fontSize-7cikom rn-marginTop-1mnahxq rn-marginRight-61z16t rn-marginBottom-p1pxzi rn-marginLeft-11wrixw rn-width-13qz1uu"
  data-focusable="true"
  data-testid="picker"
  style="background-color: rgb(250, 249, 250); color: rgb(25, 23, 28);"
>
  <option
    value="foo"
  >
    Foo
  </option>
  <option
    value="bar"
  >
    Bar
  </option>
</select>
`;
